// Jest Snapshot v1, https://goo.gl/fbAQLP

exports[`fails for multiple unknown options 1`] = `
"● Unrecognized CLI Parameters:

  Following options were not recognized:
  [\\"jest\\", \\"test\\"]

  CLI Options Documentation:
  https://jestjs.io/docs/en/cli.html
"
`;

exports[`fails for unknown option 1`] = `
"● Unrecognized CLI Parameter:

  Unrecognized option \\"unknown\\".

  CLI Options Documentation:
  https://jestjs.io/docs/en/cli.html
"
`;
