// Jest Snapshot v1, https://goo.gl/fbAQLP

exports[`for multiline test name returns test name with highlighted pattern and replaced line breaks 1`] = `"should⏎ name the ⏎function you at..."`;

exports[`for multiline test name returns test name with highlighted pattern and replaced line breaks 2`] = `"should⏎ name the ⏎function you at..."`;

exports[`for multiline test name returns test name with highlighted pattern and replaced line breaks 3`] = `"should⏎ name the ⏎function you at..."`;

exports[`for one line test name pattern in the middle test name with cutted tail and cutted highlighted pattern 1`] = `"should nam..."`;

exports[`for one line test name pattern in the middle test name with cutted tail and highlighted pattern 1`] = `"should name the functi..."`;

exports[`for one line test name pattern in the middle test name with highlighted cutted 1`] = `"sho..."`;

exports[`for one line test name pattern in the middle test name with highlighted pattern returns 1`] = `"should name the function you attach"`;

exports[`for one line test name pattern in the tail returns test name with cutted tail and cutted highlighted pattern 1`] = `"should name the function you a..."`;

exports[`for one line test name pattern in the tail returns test name with highlighted cutted 1`] = `"sho..."`;

exports[`for one line test name pattern in the tail returns test name with highlighted pattern 1`] = `"should name the function you attach"`;

exports[`for one line test name with pattern in the head returns test name with cutted tail and cutted highlighted pattern 1`] = `"shoul..."`;

exports[`for one line test name with pattern in the head returns test name with cutted tail and highlighted pattern 1`] = `"should name the function yo..."`;

exports[`for one line test name with pattern in the head returns test name with highlighted pattern 1`] = `"should name the function you attach"`;
