// Jest Snapshot v1, https://goo.gl/fbAQLP

exports[`matchers proxies matchers to expect 1`] = `
"expect(received).toBe(expected) // Object.is equality

Expected: 2
Received: 1"
`;
