// Jest Snapshot v1, https://goo.gl/fbAQLP

exports[`Retrieves the snapshot status 1`] = `
Array [
  " › 1 snapshot written.",
  " › 1 snapshot updated.",
  " › 1 snapshot failed.",
  " › 1 snapshot obsolete.",
  "   • test suite with unchecked snapshot",
]
`;

exports[`Retrieves the snapshot status after a snapshot update 1`] = `
Array [
  " › 2 snapshots written.",
  " › 2 snapshots updated.",
  " › 2 snapshots failed.",
  " › 2 snapshots removed.",
  "   • first test suite with unchecked snapshot",
  "   • second test suite with unchecked snapshot",
  " › snapshot file removed.",
]
`;

exports[`Shows no snapshot updates if all snapshots matched 1`] = `Array []`;
